
Memory Configuration

Name             Origin             Length             Attributes
*default*        0x0000000000000000 0xffffffffffffffff

Linker script and memory map

LOAD /tmp/ccUyDvmx.o
LOAD main.o
LOAD /usr/local/lib/gcc/arm-none-eabi/4.9.0/../../../../arm-none-eabi/lib/libstdc++.a
LOAD /usr/local/lib/gcc/arm-none-eabi/4.9.0/../../../../arm-none-eabi/lib/libm.a
START GROUP
LOAD /usr/local/lib/gcc/arm-none-eabi/4.9.0/libgcc.a
LOAD /usr/local/lib/gcc/arm-none-eabi/4.9.0/../../../../arm-none-eabi/lib/libg.a
LOAD /usr/local/lib/gcc/arm-none-eabi/4.9.0/../../../../arm-none-eabi/lib/libc.a
END GROUP
                0x0000000000008000                PROVIDE (__executable_start, 0x8000)
                0x0000000000008000                . = 0x8000

.interp
 *(.interp)

.note.gnu.build-id
 *(.note.gnu.build-id)

.hash
 *(.hash)

.gnu.hash
 *(.gnu.hash)

.dynsym
 *(.dynsym)

.dynstr
 *(.dynstr)

.gnu.version
 *(.gnu.version)

.gnu.version_d
 *(.gnu.version_d)

.gnu.version_r
 *(.gnu.version_r)

.rel.dyn        0x0000000000008000        0x0
 *(.rel.init)
 *(.rel.text .rel.text.* .rel.gnu.linkonce.t.*)
 *(.rel.fini)
 *(.rel.rodata .rel.rodata.* .rel.gnu.linkonce.r.*)
 *(.rel.data.rel.ro .rel.data.rel.ro.* .rel.gnu.linkonce.d.rel.ro.*)
 *(.rel.data .rel.data.* .rel.gnu.linkonce.d.*)
 *(.rel.tdata .rel.tdata.* .rel.gnu.linkonce.td.*)
 *(.rel.tbss .rel.tbss.* .rel.gnu.linkonce.tb.*)
 *(.rel.ctors)
 *(.rel.dtors)
 *(.rel.got)
 *(.rel.bss .rel.bss.* .rel.gnu.linkonce.b.*)
                0x0000000000008000                PROVIDE (__rel_iplt_start, .)
 *(.rel.iplt)
 .rel.iplt      0x0000000000000000        0x0 /tmp/ccUyDvmx.o
                0x0000000000008000                PROVIDE (__rel_iplt_end, .)
                0x0000000000008000                PROVIDE (__rela_iplt_start, .)
                0x0000000000008000                PROVIDE (__rela_iplt_end, .)

.rela.dyn       0x0000000000008000        0x0
 *(.rela.init)
 *(.rela.text .rela.text.* .rela.gnu.linkonce.t.*)
 *(.rela.fini)
 *(.rela.rodata .rela.rodata.* .rela.gnu.linkonce.r.*)
 *(.rela.data .rela.data.* .rela.gnu.linkonce.d.*)
 *(.rela.tdata .rela.tdata.* .rela.gnu.linkonce.td.*)
 *(.rela.tbss .rela.tbss.* .rela.gnu.linkonce.tb.*)
 *(.rela.ctors)
 *(.rela.dtors)
 *(.rela.got)
 *(.rela.bss .rela.bss.* .rela.gnu.linkonce.b.*)
                0x0000000000008000                PROVIDE (__rel_iplt_start, .)
                0x0000000000008000                PROVIDE (__rel_iplt_end, .)
                0x0000000000008000                PROVIDE (__rela_iplt_start, .)
 *(.rela.iplt)
                0x0000000000008000                PROVIDE (__rela_iplt_end, .)

.rel.plt
 *(.rel.plt)

.rela.plt
 *(.rela.plt)

.init
 *(SORT(.init))

.plt
 *(.plt)

.iplt           0x0000000000008000        0x0
 *(.iplt)
 .iplt          0x0000000000000000        0x0 /tmp/ccUyDvmx.o

.text           0x0000000000008000       0x40
 *(.text.unlikely .text.*_unlikely .text.unlikely.*)
 *(.text.exit .text.exit.*)
 *(.text.startup .text.startup.*)
 *(.text.hot .text.hot.*)
 *(.text .stub .text.* .gnu.linkonce.t.*)
 .text          0x0000000000008000       0x20 /tmp/ccUyDvmx.o
                0x0000000000008000                main
 .text          0x0000000000008020       0x20 main.o
 *(.gnu.warning)
 *(.glue_7t)
 .glue_7t       0x0000000000000000        0x0 linker stubs
 *(.glue_7)
 .glue_7        0x0000000000000000        0x0 linker stubs
 *(.vfp11_veneer)
 .vfp11_veneer  0x0000000000000000        0x0 linker stubs
 *(.v4_bx)
 .v4_bx         0x0000000000000000        0x0 linker stubs

.fini
 *(SORT(.fini))
                0x0000000000008040                PROVIDE (__etext, .)
                0x0000000000008040                PROVIDE (_etext, .)
                0x0000000000008040                PROVIDE (etext, .)

.rodata
 *(.rodata .rodata.* .gnu.linkonce.r.*)

.rodata1
 *(.rodata1)

.ARM.extab
 *(.ARM.extab* .gnu.linkonce.armextab.*)
                0x0000000000008040                PROVIDE (__exidx_start, .)

.ARM.exidx
 *(.ARM.exidx* .gnu.linkonce.armexidx.*)
                0x0000000000008040                PROVIDE (__exidx_end, .)

.eh_frame_hdr
 *(.eh_frame_hdr)

.eh_frame
 *(.eh_frame)

.gcc_except_table
 *(.gcc_except_table .gcc_except_table.*)

.exception_ranges
 *(.exception_ranges .exception_ranges*)
                0x0000000000010040                . = (ALIGN (0x8000) + (. & 0x7fff))

.eh_frame
 *(.eh_frame)

.gcc_except_table
 *(.gcc_except_table .gcc_except_table.*)

.exception_ranges
 *(.exception_ranges .exception_ranges*)

.tdata
 *(.tdata .tdata.* .gnu.linkonce.td.*)

.tbss
 *(.tbss .tbss.* .gnu.linkonce.tb.*)
 *(.tcommon)

.preinit_array  0x0000000000010040        0x0
                0x0000000000010040                PROVIDE (__preinit_array_start, .)
 *(.preinit_array)
                0x0000000000010040                PROVIDE (__preinit_array_end, .)

.init_array     0x0000000000010040        0x0
                0x0000000000010040                PROVIDE (__init_array_start, .)
 *(SORT(.init_array.*))
 *(.init_array)
                0x0000000000010040                PROVIDE (__init_array_end, .)

.fini_array     0x0000000000010040        0x0
                0x0000000000010040                PROVIDE (__fini_array_start, .)
 *(SORT(.fini_array.*))
 *(.fini_array)
                0x0000000000010040                PROVIDE (__fini_array_end, .)

.ctors
 *crtbegin.o(.ctors)
 *crtbegin?.o(.ctors)
 *(EXCLUDE_FILE(*crtend?.o *crtend.o) .ctors)
 *(SORT(.ctors.*))
 *(.ctors)

.dtors
 *crtbegin.o(.dtors)
 *crtbegin?.o(.dtors)
 *(EXCLUDE_FILE(*crtend?.o *crtend.o) .dtors)
 *(SORT(.dtors.*))
 *(.dtors)

.jcr
 *(.jcr)

.data.rel.ro
 *(.data.rel.ro.local* .gnu.linkonce.d.rel.ro.local.*)
 *(.data.rel.ro .data.rel.ro.* .gnu.linkonce.d.rel.ro.*)

.dynamic
 *(.dynamic)

.got            0x0000000000010040        0x0
 *(.got.plt)
 *(.igot.plt)
 .igot.plt      0x0000000000000000        0x0 /tmp/ccUyDvmx.o
 *(.got)
 *(.igot)

.data           0x0000000000010040        0x8
                0x0000000000010040                __data_start = .
 *(.data .data.* .gnu.linkonce.d.*)
 .data          0x0000000000010040        0x4 /tmp/ccUyDvmx.o
                0x0000000000010040                device
 .data          0x0000000000010044        0x4 main.o

.data1
 *(.data1)
                0x0000000000010048                _edata = .
                0x0000000000010048                PROVIDE (edata, .)
                0x0000000000010048                . = .
                0x0000000000010048                __bss_start = .
                0x0000000000010048                __bss_start__ = .

.bss            0x0000000000010048        0x0
 *(.dynbss)
 *(.bss .bss.* .gnu.linkonce.b.*)
 .bss           0x0000000000010048        0x0 /tmp/ccUyDvmx.o
 .bss           0x0000000000010048        0x0 main.o
 *(COMMON)
                0x0000000000010048                . = ALIGN ((. != 0x0)?0x4:0x1)
                0x0000000000010048                _bss_end__ = .
                0x0000000000010048                __bss_end__ = .
                0x0000000000010048                . = ALIGN (0x4)
                0x0000000000010048                . = SEGMENT_START ("ldata-segment", .)
                0x0000000000010048                . = ALIGN (0x4)
                0x0000000000010048                __end__ = .
                0x0000000000010048                _end = .
                0x0000000000010048                PROVIDE (end, .)

.stab
 *(.stab)

.stabstr
 *(.stabstr)

.stab.excl
 *(.stab.excl)

.stab.exclstr
 *(.stab.exclstr)

.stab.index
 *(.stab.index)

.stab.indexstr
 *(.stab.indexstr)

.comment        0x0000000000000000       0x11
 *(.comment)
 .comment       0x0000000000000000       0x11 /tmp/ccUyDvmx.o
                                         0x12 (size before relaxing)
 .comment       0x0000000000000000       0x12 main.o

.debug
 *(.debug)

.line
 *(.line)

.debug_srcinfo
 *(.debug_srcinfo)

.debug_sfnames
 *(.debug_sfnames)

.debug_aranges  0x0000000000000000       0x40
 *(.debug_aranges)
 .debug_aranges
                0x0000000000000000       0x20 /tmp/ccUyDvmx.o
 .debug_aranges
                0x0000000000000020       0x20 main.o

.debug_pubnames
 *(.debug_pubnames)

.debug_info     0x0000000000000000      0x5a8
 *(.debug_info .gnu.linkonce.wi.*)
 .debug_info    0x0000000000000000      0x2d4 /tmp/ccUyDvmx.o
 .debug_info    0x00000000000002d4      0x2d4 main.o

.debug_abbrev   0x0000000000000000      0x144
 *(.debug_abbrev)
 .debug_abbrev  0x0000000000000000       0xa2 /tmp/ccUyDvmx.o
 .debug_abbrev  0x00000000000000a2       0xa2 main.o

.debug_line     0x0000000000000000      0x154
 *(.debug_line .debug_line.* .debug_line_end)
 .debug_line    0x0000000000000000       0xaa /tmp/ccUyDvmx.o
 .debug_line    0x00000000000000aa       0xaa main.o

.debug_frame    0x0000000000000000       0x50
 *(.debug_frame)
 .debug_frame   0x0000000000000000       0x28 /tmp/ccUyDvmx.o
 .debug_frame   0x0000000000000028       0x28 main.o

.debug_str      0x0000000000000000      0x1cc
 *(.debug_str)
 .debug_str     0x0000000000000000      0x1cc /tmp/ccUyDvmx.o
                                        0x29b (size before relaxing)
 .debug_str     0x0000000000000000      0x29b main.o

.debug_loc
 *(.debug_loc)

.debug_macinfo
 *(.debug_macinfo)

.debug_weaknames
 *(.debug_weaknames)

.debug_funcnames
 *(.debug_funcnames)

.debug_typenames
 *(.debug_typenames)

.debug_varnames
 *(.debug_varnames)

.debug_pubtypes
 *(.debug_pubtypes)

.debug_ranges
 *(.debug_ranges)

.debug_macro
 *(.debug_macro)

.stack          0x0000000000080000        0x0
                0x0000000000080000                _stack = .
 *(.stack)

.ARM.attributes
                0x0000000000000000       0x33
 *(.ARM.attributes)
 .ARM.attributes
                0x0000000000000000       0x33 /tmp/ccUyDvmx.o
 .ARM.attributes
                0x0000000000000033       0x33 main.o
 *(.gnu.attributes)

.note.gnu.arm.ident
 *(.note.gnu.arm.ident)

/DISCARD/
 *(.note.GNU-stack)
 *(.gnu_debuglink)
 *(.gnu.lto_*)
OUTPUT(app.elf elf32-littlearm)
